I'm sorry, but errors were detected in your script. Please correct the
errors listed below, and try again.


File "game/ModDefine.rpy", line 29: invalid syntax
    = "mod_assets/bgs/1600 firey path.png"
     ^

Ren'Py Version: Ren'Py 8.0.3.22090809
Tue Dec 23 10:31:00 2025
